[shakir.local/index.html]
[backblue.gif]
[fade.gif]
[index.html]
[shakir.local/wp-includes/css/dist/block-library/style.mind1c0.css]
[cdnjs.cloudflare.com/ajax/libs/font-awesome/5.10.2/css/all.mind1c0.css]
[shakir.local/wp-content/plugins/contact-form-7/includes/css/stylesbb49.css]
[shakir.local/feed/index.html]
[shakir.local/comments/feed/index.html]
[shakir.local/wp-content/plugins/photo-gallery/css/bwg-fonts/fonts622c.css]
[shakir.local/wp-content/plugins/photo-gallery/css/sumoselect.min19ce.css]
[shakir.local/wp-content/plugins/photo-gallery/css/jquery.mCustomScrollbar.min272d.css]
[shakir.local/wp-content/plugins/photo-gallery/css/styles.min272d.css]
[shakir.local/wp-content/themes/apex-business/assets/css/bootstrap.min8162.css]
[shakir.local/wp-content/themes/apex-business/assets/css/font-awesome.min1849.css]
[shakir.local/wp-content/themes/apex-business/assets/css/main44b2.css]
[shakir.local/wp-content/themes/apex-business/style44b2.css]
[shakir.local/wp-content/themes/apex-business/assets/images/banner.jpg]
[shakir.local/wp-content/plugins/elementor/assets/lib/eicons/css/elementor-icons.min74e5.css]
[shakir.local/wp-content/plugins/elementor/assets/lib/animations/animations.minb1df.css]
[shakir.local/wp-content/plugins/elementor/assets/css/frontend-legacy.minb1df.css]
[shakir.local/wp-content/plugins/elementor/assets/css/frontend.minb1df.css]
[shakir.local/wp-content/uploads/elementor/css/post-2395b72.css]
[shakir.local/wp-content/plugins/elementor-pro/assets/css/frontend.min337d.css]
[shakir.local/wp-content/uploads/elementor/css/global5b72.css]
[shakir.local/wp-content/uploads/elementor/css/post-7f414.css]
[shakir.local/wp-content/plugins/elementor/assets/lib/font-awesome/css/fontawesome.minb683.css]
[shakir.local/wp-content/plugins/elementor/assets/lib/font-awesome/css/solid.minb683.css]
[shakir.local/wp-content/plugins/elementor/assets/lib/font-awesome/css/regular.minb683.css]
[shakir.local/wp-includes/js/jquery/jquery.minf43b.js]
[shakir.local/wp-includes/js/jquery/jquery-migrate.min5589.js]
[shakir.local/wp-content/plugins/photo-gallery/js/jquery.sumoselect.min19ce.js]
[shakir.local/wp-content/plugins/photo-gallery/js/jquery.mobile.min9e1e.js]
[shakir.local/wp-content/plugins/photo-gallery/js/jquery.mCustomScrollbar.concat.min272d.js]
[shakir.local/wp-content/plugins/photo-gallery/js/jquery.fullscreen-0.4.1.min31ec.js]
[shakir.local/wp-content/plugins/photo-gallery/js/scripts.min272d.js]
[shakir.local/wp-json/wp/v2/pages/7.json]
[shakir.local/wp-json/index.html]
[shakir.local/wp-json/oembed/1.0/embed44d6.json]
[shakir.local/wp-json/oembed/1.0/embed514e]
[shakir.local/wp-content/uploads/2020/05/cropped-logo-02-1-32x32.png]
[shakir.local/wp-content/uploads/2020/05/cropped-logo-02-1-192x192.png]
[shakir.local/wp-content/uploads/2020/05/cropped-logo-02-1-180x180.png]
[shakir.local/nmpctrust@gmail.com]
[shakir.local/wp-content/uploads/2020/07/nmpc-brochure.pdf]
[shakir.local/wp-content/uploads/2020/05/nmpc01-02.png]
[shakir.local/wp-content/uploads/2020/06/IMG-20191212-WA0033-1024x621.jpg]
[shakir.local/ml/home-2/index.html]
[shakir.local/wp-content/uploads/2020/06/1-e1578726594555.jpg]
[shakir.local/wp-content/uploads/2020/06/IMG-20190927-WA0073-1024x682.jpg]
[shakir.local/wp-content/uploads/2020/06/IMG-20191212-WA0013-1024x784.jpg]
[shakir.local/wp-content/uploads/2020/06/PETALS158-1024x683.jpg]
[shakir.local/about-us/index.html]
[shakir.local/wp-content/uploads/2020/07/ministers-1024x619.jpg]
[shakir.local/wp-content/uploads/2020/07/012-1024x696.jpg]
[shakir.local/wp-content/uploads/2020/06/IMG_1480-1-min-scaled.jpg]
[shakir.local/wp-content/uploads/2020/06/IMG_7757.jpg]
[shakir.local/wp-content/uploads/2020/07/IMG_7725.jpg]
[shakir.local/services/index.html]
[shakir.local/wp-content/uploads/2020/06/DSC_2470-min-2.jpg]
[shakir.local/wp-content/uploads/2020/07/IMG_0876-scaled.jpg]
[shakir.local/wp-content/uploads/2020/07/bulding.jpg]
[shakir.local/photo-gallery/index.html]
[shakir.local/wp-content/uploads/2020/06/vs.jpg]
[shakir.local/wp-content/uploads/elementor/thumbs/Asiane-News-Digital-logo-pue0j3l9h7ies04qhmh7s9x539l7mpcy2h0wth61sw.png]
[shakir.local/video-gallery/index.html]
[shakir.local/wp-content/uploads/2020/06/image.jpg]
[shakir.local/newspaper-articles/index.html]
[shakir.local/wp-content/uploads/2020/05/dress-1.jpg]
[shakir.local/wp-content/uploads/2020/05/medic.jpg]
[shakir.local/wp-content/uploads/2020/05/rice.jpg]
[shakir.local/contact/index.html]
[shakir.local/wp-content/uploads/2020/05/slipers.jpg]
[shakir.local/blog/index.html]
[shakir.local/downloads/index.html]
[shakir.local/wp-content/plugins/contact-form-7/includes/js/scriptsbb49.js]
[shakir.local/donate/index.html]
[www.google.com/recaptcha/api6e5b.js]
[shakir.local/wp-content/plugins/contact-form-7/modules/recaptcha/scriptbb49.js]
[shakir.local/wp-content/themes/apex-business/assets/js/jquery.offscreen8162.js]
[shakir.local/wp-content/themes/apex-business/assets/js/jquery-custom44b2.js]
[shakir.local/wp-includes/js/imagesloaded.minbb93.js]
[shakir.local/wp-content/plugins/elementor/assets/lib/slick/slick.minc245.js]
[shakir.local/wp-content/plugins/elementor/assets/lib/jquery-numerator/jquery-numerator.min3958.js]
[shakir.local/wp-content/plugins/elementor/assets/js/frontend-modules.minb1df.js]
[shakir.local/wp-content/plugins/elementor-pro/assets/lib/sticky/jquery.sticky.min337d.js]
[shakir.local/wp-content/plugins/elementor-pro/assets/js/frontend.min337d.js]
[shakir.local/wp-includes/js/jquery/ui/core.minb37e.js]
[shakir.local/wp-content/plugins/elementor/assets/lib/dialog/dialog.mina288.js]
[shakir.local/wp-content/plugins/elementor/assets/lib/waypoints/waypoints.min05da.js]
[shakir.local/wp-content/plugins/elementor/assets/lib/swiper/swiper.min48f5.js]
[shakir.local/wp-content/plugins/elementor/assets/lib/share-link/share-link.minb1df.js]
[shakir.local/index.html]
[shakir.local/wp-includes/css/dist/block-library/style.mind1c0.css]
[shakir.local/wp-content/plugins/elementor/assets/js/frontend.minb1df.js]
[shakir.local/wp-content/plugins/contact-form-7/images/ajax-loader.gif]
[shakir.local/wp-content/plugins/contact-form-7/includes/css/stylesbb49.css]
[cdnjs.cloudflare.com/ajax/libs/font-awesome/5.10.2/css/all.mind1c0.css]
[shakir.local/wp-content/plugins/photo-gallery/css/bwg-fonts/fonts/bwg8f95.eot]
[shakir.local/wp-content/plugins/photo-gallery/css/bwg-fonts/fonts/bwg8f95.ttf]
[shakir.local/wp-content/plugins/photo-gallery/css/bwg-fonts/fonts/bwg8f95.woff]
[shakir.local/wp-content/plugins/photo-gallery/css/bwg-fonts/fonts622c.css]
[shakir.local/wp-content/plugins/photo-gallery/css/sumoselect.min19ce.css]
[shakir.local/wp-content/plugins/photo-gallery/css/jquery.mCustomScrollbar.min272d.css]
[shakir.local/wp-content/plugins/photo-gallery/css/bwg-fonts/fonts/bwg8f95.svg]
[shakir.local/wp-content/plugins/photo-gallery/images/ajax_loader.png]
[shakir.local/wp-content/plugins/photo-gallery/images/blank.gif]
[shakir.local/wp-content/plugins/photo-gallery/css/styles.min272d.css]
[shakir.local/wp-content/plugins/photo-gallery/images/captcha_refresh.png]
[shakir.local/wp-content/themes/apex-business/assets/css/bootstrap.min8162.css]
[shakir.local/wp-content/themes/apex-business/assets/fonts/fontawesome-webfont3e6e.eot]
[shakir.local/wp-content/themes/apex-business/assets/fonts/fontawesome-webfont3e6e.woff2]
[shakir.local/wp-content/themes/apex-business/assets/fonts/fontawesome-webfont3e6e.woff]
[shakir.local/wp-content/themes/apex-business/assets/fonts/fontawesome-webfont3e6e.ttf]
[shakir.local/wp-content/themes/apex-business/assets/css/font-awesome.min1849.css]
[shakir.local/wp-content/themes/apex-business/assets/css/main44b2.css]
[shakir.local/wp-content/themes/apex-business/style44b2.css]
[shakir.local/wp-content/themes/apex-business/assets/fonts/fontawesome-webfont3e6e.svg]
[shakir.local/wp-content/plugins/elementor/assets/lib/eicons/fonts/eiconsc2cd.woff2]
[shakir.local/wp-content/plugins/elementor/assets/lib/eicons/fonts/eiconsc2cd.eot]
[shakir.local/wp-content/plugins/elementor/assets/lib/eicons/fonts/eiconsc2cd.woff]
[shakir.local/wp-content/plugins/elementor/assets/lib/eicons/fonts/eiconsc2cd.ttf]
[shakir.local/wp-content/plugins/elementor/assets/lib/eicons/css/elementor-icons.min74e5.css]
[shakir.local/wp-content/plugins/elementor/assets/lib/animations/animations.minb1df.css]
[shakir.local/wp-content/plugins/elementor/assets/css/frontend-legacy.minb1df.css]
[shakir.local/wp-content/plugins/elementor/assets/css/frontend.minb1df.css]
[shakir.local/wp-content/uploads/elementor/css/post-2395b72.css]
[shakir.local/wp-content/plugins/elementor-pro/assets/css/frontend.min337d.css]
[shakir.local/wp-content/uploads/elementor/css/global5b72.css]
[shakir.local/wp-content/plugins/elementor/assets/lib/eicons/fonts/eiconsc2cd.svg]
[nmpctrust.com/wp-content/uploads/2020/05/ammamma.62.delayed]
[shakir.local/wp-content/uploads/elementor/css/post-7f414.css]
[shakir.local/wp-content/plugins/elementor/assets/lib/font-awesome/css/fontawesome.minb683.css]
[shakir.local/wp-content/plugins/elementor/assets/lib/font-awesome/webfonts/fa-solid-900.eot]
[shakir.local/wp-content/plugins/elementor/assets/lib/font-awesome/webfonts/fa-solid-900d41d.eot]
[shakir.local/wp-content/plugins/elementor/assets/lib/font-awesome/webfonts/fa-solid-900.woff2]
[shakir.local/wp-content/plugins/elementor/assets/lib/font-awesome/webfonts/fa-solid-900.woff]
[shakir.local/wp-content/plugins/elementor/assets/lib/font-awesome/webfonts/fa-solid-900.ttf]
[shakir.local/wp-content/plugins/elementor/assets/lib/font-awesome/css/solid.minb683.css]
[shakir.local/wp-content/plugins/elementor/assets/lib/font-awesome/webfonts/fa-solid-900.svg]
[shakir.local/wp-content/plugins/elementor/assets/lib/font-awesome/webfonts/fa-regular-400.eot]
[shakir.local/wp-content/plugins/elementor/assets/lib/font-awesome/webfonts/fa-regular-400d41d.eot]
[shakir.local/wp-content/plugins/elementor/assets/lib/font-awesome/webfonts/fa-regular-400.woff2]
[shakir.local/wp-content/plugins/elementor/assets/lib/font-awesome/webfonts/fa-regular-400.woff]
[shakir.local/wp-content/plugins/elementor/assets/lib/font-awesome/webfonts/fa-regular-400.ttf]
[shakir.local/wp-content/plugins/elementor/assets/lib/font-awesome/css/regular.minb683.css]
[shakir.local/wp-includes/js/jquery/jquery.minf43b.js]
[shakir.local/wp-includes/js/jquery/jquery-migrate.min5589.js]
[shakir.local/wp-content/plugins/photo-gallery/js/jquery.sumoselect.min19ce.js]
[shakir.local/wp-content/plugins/photo-gallery/js/jquery.mobile.min9e1e.js]
[shakir.local/wp-content/plugins/photo-gallery/js/jquery.mCustomScrollbar.concat.min272d.js]
[shakir.local/wp-content/plugins/photo-gallery/js/jquery.fullscreen-0.4.1.min31ec.js]
[shakir.local/wp-content/plugins/photo-gallery/js/scripts.min272d.js]
[shakir.local/wp-content/plugins/elementor/assets/lib/font-awesome/webfonts/fa-regular-400.svg]
[shakir.local/xmlrpc0db0.php]
[shakir.local/thumb/index.html]
[shakir.local/.original/index.html]
[shakir.local/wp-content/uploads/elementor/css/post-9109618.css]
[shakir.local/ml/feed/index.html]
[shakir.local/ml/comments/feed/index.html]
[shakir.local/wp-json/wp/v2/pages/910.json]
[shakir.local/wp-json/oembed/1.0/embed8eb0.json]
[shakir.local/wp-json/oembed/1.0/embed0250]
[shakir.local/ml/home-2/nmpctrust@gmail.com]
[shakir.local/wp-content/uploads/2020/07/hands-people-friends-communication-45842-e1595612800542.jpg]
[shakir.local/ml/home-2/index.html]
[shakir.local/nmpctrust@gmail.html]
[shakir.local/ml/about-us-2/index.html]
[shakir.local/wp-content/uploads/elementor/css/post-356be5f.css]
[shakir.local/ml/downloads-2/index.html]
[shakir.local/wp-content/plugins/elementor/assets/lib/font-awesome/css/brands.minb683.css]
[shakir.local/ml/services-2/index.html]
[shakir.local/ml/contact-us/index.html]
[shakir.local/ml/blog-2/index.html]
[shakir.local/wp-json/wp/v2/pages/356.json]
[shakir.local/wp-json/oembed/1.0/embed115f.json]
[shakir.local/wp-json/oembed/1.0/embed49dd]
[shakir.local/about-us/nmpctrust@gmail.com]
[shakir.local/wp-content/uploads/2020/05/mm-chacko.jpg]
[shakir.local/wp-content/uploads/2020/07/DSC_2456-e1594829112106-890x1024.jpg]
[shakir.local/wp-content/uploads/2020/05/sheela-chacko.jpg]
[shakir.local/wp-content/uploads/2020/05/susmita-m-chacko.jpg]
[shakir.local/wp-content/uploads/2020/07/Joseph-KM.jpg]
[shakir.local/about-us/index.html]
[shakir.local/wp-content/uploads/elementor/css/post-3572072.css]
[shakir.local/wp-json/wp/v2/pages/357.json]
[shakir.local/wp-json/oembed/1.0/embed7b60.json]
[shakir.local/wp-json/oembed/1.0/embed772e]
[shakir.local/services/nmpctrust@gmail.com]
[shakir.local/wp-content/uploads/2020/05/ammamma.jpg]
[shakir.local/wp-content/uploads/2020/06/DSC_2470.jpg]
[shakir.local/wp-content/uploads/2020/07/20190603_121439.jpg]
[shakir.local/wp-content/uploads/2020/07/IMG_0822-scaled.jpg]
[shakir.local/bwg_gallery/old-age-home/index.html]
[shakir.local/wp-content/uploads/2020/07/homecare.jpg]
[shakir.local/wp-content/uploads/2020/06/IMG_1466-1.jpg]
[shakir.local/bwg_gallery/old-age-home-2-3-2-2-3-2-18/index.html]
[shakir.local/wp-content/uploads/2020/07/IMG-20190603-WA0018.jpg]
[shakir.local/wp-content/uploads/2020/06/IMG_7703-1.jpg]
[shakir.local/wp-content/uploads/2020/06/IMG_7752.jpg]
[shakir.local/bwg_gallery/old-age-home-2-3-2-3/index.html]
[shakir.local/bwg_gallery/protection-of-families-who-are-facing-mental-illness/index.html]
[shakir.local/bwg_gallery/protection-for-aged-couples/index.html]
[shakir.local/wp-admin/upgrade6de0.html]
[shakir.local/wp-content/uploads/2020/07/DSC_2489-1.jpg]
[shakir.local/bwg_gallery/protection-of-mothers-at-their-own-home/index.html]
[shakir.local/wp-content/uploads/2020/06/IMG_1563-1.jpg]
[shakir.local/bwg_gallery/self-employment-programs/index.html]
[shakir.local/wp-content/uploads/2020/07/IMG_1571.jpg]
[shakir.local/bwg_gallery/old-age-home-2-3-2-2-3-2-8/index.html]
[shakir.local/bwg_gallery/old-age-home-2-3-2-2-3-2-16/index.html]
[shakir.local/services/index.html]
[shakir.local/bwg_gallery/old-age-home-2-2-3/index.html]
[shakir.local/bwg_gallery/old-age-home-2-3-2/index.html]
[shakir.local/bwg_gallery/old-age-home-2-3-2-2-3-2-22/index.html]
[shakir.local/bwg_gallery/old-age-home-2-3-2-2-3-2-5/index.html]
[shakir.local/photo-gallery/nmpctrust@gmail.9c.delayed]
[shakir.local/wp-content/uploads/photo-gallery/thumb/IMG_1480f145.jpg]
[shakir.local/wp-content/uploads/photo-gallery/thumb/IMG_77253736.jpg]
[shakir.local/wp-content/uploads/photo-gallery/thumb/IMG-20190603-WA00004c9c.jpg]
[shakir.local/wp-content/uploads/photo-gallery/thumb/IMG-20191212-WA0033_(1)ecc0.jpg]
[shakir.local/photo-gallery/index5783.html]
[shakir.local/wp-content/uploads/photo-gallery/thumb/IMG_08223b7e.jpg]
[shakir.local/wp-content/uploads/photo-gallery/thumb/20190603_121439_(1)6dfa.jpg]
[shakir.local/wp-content/uploads/photo-gallery/thumb/IMG-20190603-WA0009e1d2.jpg]
[shakir.local/wp-content/uploads/photo-gallery/thumb/homecare5f7b.jpg]
[shakir.local/photo-gallery/index797b.html]
[shakir.local/wp-content/uploads/photo-gallery/thumb/IMG_1559271d.jpg]
[shakir.local/wp-content/uploads/photo-gallery/thumb/paper_cut_02-19d72c.jpg]
[shakir.local/wp-content/uploads/photo-gallery/thumb/IMG_15311fe2.jpg]
[shakir.local/wp-content/plugins/photo-gallery/images/no-image.png]
[shakir.local/photo-gallery/index6966.html]
[shakir.local/wp-content/uploads/photo-gallery/thumb/IMG_7752029e.jpg]
[shakir.local/wp-content/uploads/photo-gallery/thumb/IMG_770035a7.jpg]
[shakir.local/wp-content/uploads/photo-gallery/thumb/WhatsApp_Image_2020-06-07_at_3.32.21_AM5ce7.jpg]
[shakir.local/wp-content/uploads/photo-gallery/thumb/DSC_06692f7f.jpg]
[shakir.local/photo-gallery/indexb319.html]
[shakir.local/wp-content/uploads/photo-gallery/thumb/PETALS282b9cc.jpg]
[shakir.local/wp-content/uploads/photo-gallery/thumb/DSC_2503f03a.jpg]
[shakir.local/wp-content/uploads/photo-gallery/thumb/02081be.jpg]
[shakir.local/photo-gallery/index3b38.html]
[shakir.local/wp-content/uploads/photo-gallery/thumb/IMG-20191110-WA00233348.jpg]
[shakir.local/wp-content/uploads/photo-gallery/thumb/IMG-20190603-WA001851e5.jpg]
[shakir.local/photo-gallery/index93f1.html]
[shakir.local/photo-gallery/index.html]
[shakir.local/photo-gallery/indexc2ba.html]
[shakir.local/photo-gallery/index07dc.html]
[shakir.local/photo-gallery/index6f5b.html]
[shakir.local/photo-gallery/index3300.html]
[shakir.local/photo-gallery/indexc9d6.html]
[shakir.local/wp-json/wp/v2/pages/682.json]
[shakir.local/photo-gallery/index4344.html]
[shakir.local/wp-json/oembed/1.0/embedac9d.json]
[shakir.local/photo-gallery/indexa1fb.html]
[shakir.local/photo-gallery/indexf238.html]
[shakir.local/photo-gallery/indexf6da.html]
[shakir.local/photo-gallery/index816b.html]
[shakir.local/wp-json/oembed/1.0/embed53cc]
[shakir.local/photo-gallery/indexac64.html]
[shakir.local/photo-gallery/index7646.html]
[shakir.local/photo-gallery/index7f37.html]
[shakir.local/video-gallery/nmpctrust@gmail.com]
[shakir.local/photo-gallery/index2cdf.html]
[shakir.local/video-gallery/index.html]
[shakir.local/wp-content/uploads/elementor/css/post-783563b.css]
[shakir.local/wp-json/wp/v2/pages/783.json]
[shakir.local/wp-json/oembed/1.0/embed48cc.json]
[shakir.local/wp-json/oembed/1.0/embed70d7]
[shakir.local/newspaper-articles/nmpctrust@gmail.com]
[shakir.local/wp-content/uploads/photo-gallery/7118d5ab-c4fd-479f-b398-adbf6b60b073_(1)5ba7.jpg]
[shakir.local/wp-content/uploads/photo-gallery/thumb/7118d5ab-c4fd-479f-b398-adbf6b60b073_(1)5ba7.jpg]
[shakir.local/wp-content/uploads/photo-gallery/paper_cut_02-19a3e5.jpg]
[shakir.local/wp-content/uploads/photo-gallery/thumb/paper_cut_02-19a3e5.jpg]
[shakir.local/wp-content/uploads/photo-gallery/paper_cut_02-20a3e5.jpg]
[shakir.local/wp-content/uploads/photo-gallery/thumb/paper_cut_02-20a3e5.jpg]
[shakir.local/wp-content/uploads/photo-gallery/paper_cut_02-17a3e5.jpg]
[shakir.local/wp-content/uploads/photo-gallery/thumb/paper_cut_02-17a3e5.jpg]
[shakir.local/wp-content/uploads/photo-gallery/paper_cut_02-18a3e5.jpg]
[shakir.local/wp-content/uploads/photo-gallery/thumb/paper_cut_02-18a3e5.jpg]
[shakir.local/wp-content/uploads/photo-gallery/paper_cut_02-13a3e5.jpg]
[shakir.local/wp-content/uploads/photo-gallery/thumb/paper_cut_02-13a3e5.jpg]
[shakir.local/wp-content/uploads/photo-gallery/paper_cut_02-16a3e5.jpg]
[shakir.local/wp-content/uploads/photo-gallery/thumb/paper_cut_02-16a3e5.jpg]
[shakir.local/wp-content/uploads/photo-gallery/paper_cut_02-11a3e5.jpg]
[shakir.local/wp-content/uploads/photo-gallery/thumb/paper_cut_02-11a3e5.jpg]
[shakir.local/wp-content/uploads/photo-gallery/paper_cut_02-15a3e5.jpg]
[shakir.local/wp-content/uploads/photo-gallery/thumb/paper_cut_02-15a3e5.jpg]
[shakir.local/wp-content/uploads/photo-gallery/paper_cut_02-09a3e5.jpg]
[shakir.local/wp-content/uploads/photo-gallery/thumb/paper_cut_02-09a3e5.jpg]
[shakir.local/wp-content/uploads/photo-gallery/paper_cut_02-08a3e5.jpg]
[shakir.local/wp-content/uploads/photo-gallery/thumb/paper_cut_02-08a3e5.jpg]
[shakir.local/wp-content/uploads/photo-gallery/paper_cut_02-12a3e5.jpg]
[shakir.local/wp-content/uploads/photo-gallery/thumb/paper_cut_02-12a3e5.jpg]
[shakir.local/wp-content/uploads/photo-gallery/paper_cut_02-14a3e5.jpg]
[shakir.local/wp-content/uploads/photo-gallery/thumb/paper_cut_02-14a3e5.jpg]
[shakir.local/wp-content/uploads/photo-gallery/paper_cut_02-10a3e5.jpg]
[shakir.local/wp-content/uploads/photo-gallery/thumb/paper_cut_02-10a3e5.jpg]
[shakir.local/wp-content/uploads/photo-gallery/paper_cut_02-05a3e5.jpg]
[shakir.local/wp-content/uploads/photo-gallery/paper_cut_02-07a3e5.jpg]
[shakir.local/wp-content/uploads/photo-gallery/thumb/paper_cut_02-07a3e5.jpg]
[shakir.local/wp-content/uploads/photo-gallery/paper_cut_02-06a3e5.jpg]
[shakir.local/wp-content/uploads/photo-gallery/thumb/paper_cut_02-06a3e5.jpg]
[shakir.local/wp-content/uploads/photo-gallery/paper_cut_02-03a3e5.jpg]
[shakir.local/wp-content/uploads/photo-gallery/thumb/paper_cut_02-03a3e5.jpg]
[shakir.local/wp-content/uploads/photo-gallery/paper_cut_02-04a3e5.jpg]
[shakir.local/wp-content/uploads/photo-gallery/thumb/paper_cut_02-04a3e5.jpg]
[shakir.local/wp-content/uploads/photo-gallery/paper_cut_01-19a3e5.jpg]
[shakir.local/wp-content/uploads/photo-gallery/thumb/paper_cut_01-19a3e5.jpg]
[shakir.local/wp-content/uploads/photo-gallery/paper_cut_02-01a3e5.jpg]
[shakir.local/wp-content/uploads/photo-gallery/thumb/paper_cut_02-01a3e5.jpg]
[shakir.local/wp-content/uploads/photo-gallery/paper_cut_02-02a3e5.jpg]
[shakir.local/wp-content/uploads/photo-gallery/paper_cut_01-15a3e5.jpg]
[shakir.local/wp-content/uploads/photo-gallery/thumb/paper_cut_01-15a3e5.jpg]
[shakir.local/wp-content/uploads/photo-gallery/paper_cut_01-17a3e5.jpg]
[shakir.local/wp-content/uploads/photo-gallery/thumb/paper_cut_01-17a3e5.jpg]
[shakir.local/wp-content/uploads/photo-gallery/thumb/paper_cut_01-18a3e5.jpg]
[shakir.local/wp-content/uploads/photo-gallery/paper_cut_01-14a3e5.jpg]
[shakir.local/wp-content/uploads/photo-gallery/thumb/paper_cut_01-14a3e5.jpg]
[shakir.local/wp-content/uploads/photo-gallery/paper_cut_01-16a3e5.jpg]
[shakir.local/wp-content/uploads/photo-gallery/thumb/paper_cut_01-16a3e5.jpg]
[shakir.local/wp-content/uploads/photo-gallery/paper_cut_01-05a3e5.jpg]
[shakir.local/wp-content/uploads/photo-gallery/thumb/paper_cut_01-05a3e5.jpg]
[shakir.local/wp-content/uploads/photo-gallery/paper_cut_01-13a3e5.jpg]
[shakir.local/wp-content/uploads/photo-gallery/thumb/paper_cut_01-13a3e5.jpg]
[shakir.local/wp-content/uploads/photo-gallery/paper_cut_01-09a3e5.jpg]
[shakir.local/wp-content/uploads/photo-gallery/thumb/paper_cut_01-09a3e5.jpg]
[shakir.local/newspaper-articles/index.html]
[shakir.local/wp-content/uploads/elementor/css/post-3490c79.css]
[shakir.local/newspaper-articles/index2822.html]
[shakir.local/wp-json/wp/v2/pages/349.json]
[shakir.local/wp-json/oembed/1.0/embede6f7.json]
[shakir.local/wp-json/oembed/1.0/embed8a2d]
[shakir.local/contact/nmpctrust@gmail.com]
[shakir.local/contact/index.html]
[shakir.local/blog/nmpctrust@gmail.com]
[shakir.local/wp-content/uploads/2021/08/WhatsApp-Image-2021-07-26-at-09.54.19.jpg]
[shakir.local/wp-content/uploads/2021/08/Untitled.png]
[shakir.local/wp-content/uploads/2021/04/WhatsApp-Image-2021-03-10-at-10.21.13.jpg]
[shakir.local/wp-content/uploads/2021/03/ss.png]
[shakir.local/wp-content/uploads/2021/03/maxresdefault.jpg]
[shakir.local/wp-content/uploads/2021/03/WhatsApp-Image-2021-02-25-at-16.12.48-1.jpg]
[shakir.local/wp-content/uploads/2020/09/sddefault.jpg]
[shakir.local/2വർഷത്തെ-ചികിത്സക്ക്-ശേഷo/index.html]
[shakir.local/wp-content/uploads/2020/07/gafoor.jpg]
[shakir.local/wp-content/uploads/2020/07/nmpc-image-01-03-1.jpg]
[shakir.local/blog/index.html]
[shakir.local/wp-content/uploads/elementor/css/post-42296e1.css]
[shakir.local/author/admin/index.html]
[shakir.local/ആരോരുമില്ലാത്ത-63കാരനായ-വ/index.html]
[shakir.local/ന്യൂ-മലബാർ-പുനരധിവാസകേന്/index.html]
[shakir.local/wp-json/wp/v2/pages/422.json]
[shakir.local/ചാക്കോ-മാഷിന്റെ-punaradhivasa-kendram-by-jincy-jingle/index.html]
[shakir.local/march-8-international-womens-day/index.html]
[shakir.local/വയോജനങ്ങൾക്കായി-മെഡിക്-2/index.html]
[shakir.local/organised-blood-donation-camp/index.html]
[shakir.local/wp-json/oembed/1.0/embed0217.json]
[shakir.local/മലപ്പച്ചേരിയിലെ-മലബാര്‍/index.html]
[shakir.local/gouri-antharjanam-leaves-nmpc-trusts-to-her-family/index.html]
[shakir.local/unforgettable-train-journey/index.html]
[shakir.local/wp-json/oembed/1.0/embed05a2]
[shakir.local/blog/page/2/index.html]
[shakir.local/downloads/nmpctrust@gmail.com]
[shakir.local/wp-content/uploads/2020/07/broch.png]
[shakir.local/wp-content/uploads/2020/06/NMPC-Interview-Form.pdf]
[shakir.local/wp-content/uploads/2020/05/form-e1592638424411.jpg]
[shakir.local/wp-content/uploads/2020/06/New-Malabar-Trust-Application-Form.pdf]
[shakir.local/downloads/index.html]
[shakir.local/wp-content/uploads/elementor/css/post-3951af2.css]
[shakir.local/wp-json/wp/v2/pages/395.json]
[shakir.local/wp-json/oembed/1.0/embed25e1.json]
[shakir.local/wp-json/oembed/1.0/embed0df8]
[shakir.local/donate/nmpctrust@gmail.com]
[shakir.local/wp-content/uploads/2020/05/dress.jpg]
[shakir.local/wp-content/uploads/2020/05/diapers.jpg]
[cdn.razorpay.com/static/embed_btn/bundle.js]
[shakir.local/wp-content/uploads/2020/06/syndicate-bank.png]
[shakir.local/wp-content/uploads/2020/06/federal-bank.png]
[shakir.local/wp-content/uploads/2020/05/sbi-main.png]
[shakir.local/donate/index.html]
[shakir.local/wp-content/plugins/contact-form-7/includes/js/scriptsbb49.js]
[shakir.local/wp-content/plugins/contact-form-7/modules/recaptcha/scriptbb49.js]
[shakir.local/wp-content/themes/apex-business/assets/js/jquery.offscreen8162.js]
[shakir.local/wp-content/themes/apex-business/assets/js/jquery-custom44b2.js]
[shakir.local/wp-includes/js/imagesloaded.minbb93.js]
[shakir.local/wp-content/plugins/elementor/assets/lib/slick/slick.minc245.js]
[shakir.local/wp-content/plugins/elementor/assets/lib/jquery-numerator/jquery-numerator.min3958.js]
[shakir.local/wp-content/plugins/elementor/assets/js/frontend-modules.minb1df.js]
[shakir.local/wp-content/plugins/elementor-pro/assets/lib/sticky/jquery.sticky.min337d.js]
[shakir.local/wp-content/plugins/elementor-pro/assets/js/frontend.min337d.js]
[shakir.local/wp-includes/js/jquery/ui/core.minb37e.js]
[shakir.local/wp-content/plugins/elementor/assets/lib/dialog/dialog.mina288.js]
[shakir.local/wp-content/plugins/elementor/assets/lib/waypoints/waypoints.min05da.js]
[shakir.local/wp-content/plugins/elementor/assets/lib/swiper/swiper.min48f5.js]
[shakir.local/wp-content/plugins/elementor/assets/lib/share-link/share-link.minb1df.js]
[shakir.local/wp-content/plugins/elegant-addons-for-elementor/assets/frontend/css/ct-stylef269.css]
[shakir.local/wp-content/plugins/elementor/assets/js/frontend.minb1df.js]
[shakir.local/wp-content/plugins/photo-gallery/css/bwg-fonts/fonts/bwg8f95.svg]
[shakir.local/Gecko/index.html]
[shakir.local/Firefox/index.html]
[shakir.local/Version/index.html]
[shakir.local/wp-content/themes/apex-business/assets/fonts/fontawesome-webfont3e6e.svg]
[shakir.local/wp-content/plugins/elementor/assets/lib/eicons/fonts/eiconsc2cd.svg]
[nmpctrust.com/wp-content/uploads/2020/05/ammamma.html]
[shakir.local/wp-content/plugins/elementor/assets/lib/font-awesome/webfonts/fa-solid-900.svg]
[shakir.local/wp-content/plugins/elementor/assets/lib/font-awesome/webfonts/fa-regular-400.svg]
[shakir.local/thumb/index.html]
[shakir.local/.original/index.html]
[shakir.local/wp-content/uploads/elementor/css/post-9109618.css]
[shakir.local/ml/home-2/nmpctrust@gmail.html]
[shakir.local/wp-content/themes/apex-business/assets/fonts/fontawesome-webfontd41d.eot]
[shakir.local/wp-json/oembed/1.0/embedefa1.json]
[shakir.local/wp-json/oembed/1.0/embed56ba]
[shakir.local/ml/about-us-2/nmpctrust@gmail.126.delayed]
[shakir.local/ml/about-us-2/index.html]
[shakir.local/wp-content/uploads/elementor/css/post-9185dcb.css]
[shakir.local/wp-json/wp/v2/pages/918.json]
[shakir.local/wp-json/oembed/1.0/embedc7bb.json]
[shakir.local/wp-json/oembed/1.0/embed88a5]
[shakir.local/ml/services-2/nmpctrust@gmail.com]
[shakir.local/ml/services-2/index.html]
[shakir.local/wp-content/uploads/elementor/css/post-9480ac6.css]
[shakir.local/wp-json/wp/v2/pages/948.json]
[shakir.local/wp-json/oembed/1.0/embed8f1a.json]
[shakir.local/wp-json/oembed/1.0/embedd2c9]
[shakir.local/ml/downloads-2/nmpctrust@gmail.com]
[shakir.local/ml/downloads-2/index.html]
[shakir.local/wp-content/uploads/elementor/css/post-947bed9.css]
[shakir.local/wp-json/wp/v2/pages/947.json]
[shakir.local/wp-json/oembed/1.0/embed43c4.json]
[shakir.local/wp-json/oembed/1.0/embedf2de]
[shakir.local/ml/contact-us/nmpctrust@gmail.com]
[shakir.local/ml/contact-us/index.html]
[shakir.local/ml/blog-2/nmpctrust@gmail.com]
[shakir.local/wp-content/uploads/2020/07/nmpc-image-01-03-2.jpg]
[shakir.local/wp-content/uploads/2020/07/weel.jpg]
[shakir.local/wp-content/uploads/2020/07/raju.jpg]
[shakir.local/ml/blog-2/index.html]
[shakir.local/ml/author/admin/index.html]
[shakir.local/ml/2വർഷത്തെ-ചികിത്സക്ക്-ശേഷo-2/index.html]
[shakir.local/ml/ആരോരുമില്ലാത്ത-63കാരനായ-വ-2/index.html]
[shakir.local/ml/ന്യൂ-മലബാർ-പുനരധിവാസകേന-2/index.html]
[shakir.local/ml/മാര്‍ച്ച്-8-അന്താരാഷ്ട്ര/index.html]
[shakir.local/ml/വയോജനങ്ങൾക്കായി-മെഡിക്ക/index.html]
[nmpctrust.com/wp-content/uploads/2020/05/mm-chacko.13e.delayed]
[shakir.local/ml/രക്ത-പരിശോധന-ക്യാമ്പ്-നട/index.html]
[shakir.local/wp-content/uploads/elementor/css/post-356be5f.css]
[shakir.local/ml/മറക്കാനാവാത്ത-ട്രെയിൻ-യാ/index.html]
[shakir.local/ml/ഗൗരി-അന്തർജ്ജനം-ഇനി-സ്വന/index.html]
[shakir.local/ml/വീൽചെയർ-നൽകി/index.html]
[shakir.local/wp-content/plugins/elementor/assets/lib/font-awesome/webfonts/fa-brands-400.eot]
[shakir.local/wp-content/plugins/elementor/assets/lib/font-awesome/webfonts/fa-brands-400d41d.eot]
[shakir.local/ml/blog-2/page/2/index.html]
[shakir.local/wp-content/plugins/elementor/assets/lib/font-awesome/webfonts/fa-brands-400.woff2]
[shakir.local/ml/രാജുവിന്-കാഴ്ചയായി-nmpc-trust/index.html]
[shakir.local/wp-content/plugins/elementor/assets/lib/font-awesome/webfonts/fa-brands-400.woff]
[shakir.local/wp-content/plugins/elementor/assets/lib/font-awesome/webfonts/fa-brands-400.ttf]
[shakir.local/wp-content/plugins/elementor/assets/lib/font-awesome/css/brands.minb683.css]
[shakir.local/index57e7.html]
[shakir.local/about-us/nmpctrust@gmail.html]
[shakir.local/wp-content/plugins/elementor/assets/lib/font-awesome/webfonts/fa-brands-400.svg]
[nmpctrust.com/wp-content/uploads/2020/06/IMG_1480-1-min-1-scaled.145.delayed]
[shakir.local/wp-content/uploads/elementor/css/post-3572072.css]
[shakir.local/indexec1b.html]
[shakir.local/services/nmpctrust@gmail.html]
[shakir.local/bwg_gallery/old-age-home/index.html]
[shakir.local/bwg_gallery/old-age-home-2-3-2-2-3-2-18/index.html]
[shakir.local/bwg_gallery/old-age-home-2-3-2-3/index.html]
[shakir.local/bwg_gallery/protection-of-families-who-are-facing-mental-illness/index.html]
[shakir.local/bwg_gallery/protection-for-aged-couples/index.html]
[shakir.local/bwg_gallery/protection-of-mothers-at-their-own-home/index.html]
[shakir.local/bwg_gallery/self-employment-programs/index.html]
[shakir.local/bwg_gallery/old-age-home-2-3-2-2-3-2-8/index.html]
[shakir.local/bwg_gallery/old-age-home-2-3-2-2-3-2-16/index.html]
[shakir.local/bwg_gallery/old-age-home-2-2-3/index.html]
[shakir.local/wp-admin/upgrade6de0.html]
[shakir.local/bwg_gallery/old-age-home-2-3-2-2-3-2-22/index.html]
[shakir.local/bwg_gallery/old-age-home-2-3-2-2-3-2-5/index.html]
[shakir.local/bwg_gallery/old-age-home-2-3-2/index.html]
[shakir.local/indexb351.html]
[shakir.local/photo-gallery/nmpctrust@gmail.html]
[shakir.local/wp-content/uploads/photo-gallery/IMG_14876d64.jpg]
[shakir.local/wp-json/wp/v2/pages/423]
[shakir.local/wp-json/oembed/1.0/embed20a4]
[shakir.local/wp-json/oembed/1.0/embedecff]
[shakir.local/wp-content/uploads/photo-gallery/thumb/IMG-20200202-WA00346d64.jpg]
[shakir.local/wp-content/uploads/photo-gallery/IMG-20200202-WA00176d64.jpg]
[shakir.local/wp-content/uploads/photo-gallery/thumb/IMG-20200202-WA00176d64.jpg]
[shakir.local/wp-content/uploads/photo-gallery/DSC_24386d64.jpg]
[shakir.local/wp-content/uploads/photo-gallery/thumb/DSC_24386d64.jpg]
[shakir.local/wp-content/uploads/photo-gallery/IMG_70526d64.jpg]
[shakir.local/wp-content/uploads/photo-gallery/thumb/IMG_70526d64.jpg]
[shakir.local/wp-content/uploads/photo-gallery/IMG_14806d64.jpg]
[shakir.local/wp-content/uploads/photo-gallery/thumb/IMG_14806d64.jpg]
[shakir.local/wp-content/uploads/photo-gallery/IMG-20190603-WA00076d64.jpg]
[shakir.local/wp-content/uploads/photo-gallery/thumb/IMG-20190603-WA00076d64.jpg]
[shakir.local/wp-content/uploads/photo-gallery/IMG_1532a6d64.jpg]
[shakir.local/wp-content/uploads/photo-gallery/thumb/IMG_1532a6d64.jpg]
[shakir.local/wp-content/uploads/photo-gallery/IMG_15186d64.jpg]
[shakir.local/wp-content/uploads/photo-gallery/thumb/IMG_15186d64.jpg]
[shakir.local/wp-content/uploads/photo-gallery/IMG-20190603-WA00036d64.jpg]
[shakir.local/wp-content/uploads/photo-gallery/thumb/IMG-20190603-WA00036d64.jpg]
[shakir.local/wp-content/uploads/photo-gallery/IMG_15236d64.jpg]
[shakir.local/wp-content/uploads/photo-gallery/thumb/IMG_15236d64.jpg]
[shakir.local/wp-content/uploads/photo-gallery/26d64.jpg]
[shakir.local/wp-content/uploads/photo-gallery/thumb/26d64.jpg]
[shakir.local/wp-content/uploads/photo-gallery/_MG_01676d64.jpg]
[shakir.local/wp-content/uploads/photo-gallery/thumb/_MG_01676d64.jpg]
[shakir.local/photo-gallery/index5783.html]
[shakir.local/wp-content/uploads/photo-gallery/sss7f3b.jpg]
[shakir.local/wp-content/uploads/photo-gallery/IMG_77257f3b.jpg]
[shakir.local/wp-content/uploads/photo-gallery/thumb/IMG_77257f3b.jpg]
[shakir.local/wp-content/uploads/photo-gallery/DSC_24757f3b.jpg]
[shakir.local/wp-content/uploads/photo-gallery/thumb/DSC_24757f3b.jpg]
[shakir.local/wp-content/uploads/photo-gallery/IMG_77077f3b.jpg]
[shakir.local/wp-content/uploads/photo-gallery/thumb/IMG_77077f3b.jpg]
[shakir.local/wp-content/uploads/photo-gallery/IMG_77827f3b.jpg]
[shakir.local/wp-content/uploads/photo-gallery/thumb/IMG_77827f3b.jpg]
[shakir.local/wp-content/uploads/photo-gallery/IMG-20190603-WA00107f3b.jpg]
[shakir.local/wp-content/uploads/photo-gallery/thumb/IMG-20190603-WA00107f3b.jpg]
[shakir.local/wp-content/uploads/photo-gallery/DSC_24667f3b.jpg]
[shakir.local/wp-content/uploads/photo-gallery/thumb/DSC_24667f3b.jpg]
[shakir.local/wp-content/uploads/photo-gallery/IMG_15407f3b.jpg]
[shakir.local/wp-content/uploads/photo-gallery/thumb/IMG_15407f3b.jpg]
[shakir.local/wp-content/uploads/photo-gallery/IMG_08967f3b.jpg]
[shakir.local/wp-content/uploads/photo-gallery/thumb/IMG_08967f3b.jpg]
[shakir.local/wp-content/uploads/photo-gallery/_MG_01577f3b.jpg]
[shakir.local/wp-content/uploads/photo-gallery/thumb/_MG_01577f3b.jpg]
[shakir.local/wp-content/uploads/photo-gallery/IMG_77687f3b.jpg]
[shakir.local/wp-content/uploads/photo-gallery/thumb/IMG_77687f3b.jpg]
[shakir.local/wp-content/uploads/photo-gallery/IMG_77367f3b.jpg]
[shakir.local/wp-content/uploads/photo-gallery/thumb/IMG_77367f3b.jpg]
[shakir.local/photo-gallery/index797b.html]
[shakir.local/wp-content/uploads/photo-gallery/DSC_2470daff.jpg]
[shakir.local/wp-content/uploads/photo-gallery/thumb/DSC_2470daff.jpg]
[shakir.local/wp-content/uploads/photo-gallery/IMG-20200525-WA0014daff.jpg]
[shakir.local/wp-content/uploads/photo-gallery/thumb/IMG-20200525-WA0014daff.jpg]
[shakir.local/wp-content/uploads/photo-gallery/IMG_1538daff.jpg]
[shakir.local/wp-content/uploads/photo-gallery/thumb/IMG_1538daff.jpg]
[shakir.local/wp-content/uploads/photo-gallery/IMG-20190603-WA0000daff.jpg]
[shakir.local/wp-content/uploads/photo-gallery/thumb/IMG-20190603-WA0000daff.jpg]
[shakir.local/photo-gallery/index6966.html]
[shakir.local/wp-content/uploads/photo-gallery/PETALS158_(1)c16a.jpg]
[shakir.local/wp-content/uploads/photo-gallery/thumb/PETALS158_(1)c16a.jpg]
[shakir.local/wp-content/uploads/photo-gallery/IMG-20191212-WA0013_(1)c16a.jpg]
[shakir.local/wp-content/uploads/photo-gallery/thumb/IMG-20191212-WA0013_(1)c16a.jpg]
[shakir.local/wp-content/uploads/photo-gallery/IMG-20191212-WA0033_(1)c16a.jpg]
[shakir.local/wp-content/uploads/photo-gallery/thumb/IMG-20191212-WA0033_(1)c16a.jpg]
[shakir.local/wp-content/uploads/photo-gallery/IMG-20190927-WA0073_(1)c16a.jpg]
[shakir.local/wp-content/uploads/photo-gallery/thumb/IMG-20190927-WA0073_(1)c16a.jpg]
[shakir.local/photo-gallery/indexb319.html]
[shakir.local/wp-content/uploads/photo-gallery/aged2b38.jpg]
[shakir.local/wp-content/uploads/photo-gallery/thumb/aged2b38.jpg]
[shakir.local/wp-content/uploads/photo-gallery/IMG_0822edb1.jpg]
[shakir.local/wp-content/uploads/photo-gallery/thumb/IMG_0822edb1.jpg]
[shakir.local/photo-gallery/index3b38.html]
[shakir.local/wp-content/uploads/photo-gallery/20190603_121439_(1)6f28.jpg]
[shakir.local/wp-content/uploads/photo-gallery/thumb/20190603_121439_(1)6f28.jpg]
[shakir.local/wp-content/uploads/photo-gallery/IMG_1463a6f28.jpg]
[shakir.local/wp-content/uploads/photo-gallery/thumb/IMG_1463a6f28.jpg]
[shakir.local/wp-content/uploads/photo-gallery/IMG_14616f28.jpg]
[shakir.local/wp-content/uploads/photo-gallery/thumb/IMG_14616f28.jpg]
[shakir.local/wp-content/uploads/photo-gallery/IMG_14596f28.jpg]
[shakir.local/wp-content/uploads/photo-gallery/thumb/IMG_14596f28.jpg]
[shakir.local/wp-content/uploads/photo-gallery/IMG_14576f28.jpg]
[shakir.local/wp-content/uploads/photo-gallery/thumb/IMG_14576f28.jpg]
[shakir.local/photo-gallery/index93f1.html]
[shakir.local/wp-content/uploads/photo-gallery/dance17fe0.jpg]
[shakir.local/wp-content/uploads/photo-gallery/thumb/dance17fe0.jpg]
[shakir.local/wp-content/uploads/photo-gallery/dance27fe0.jpg]
[shakir.local/wp-content/uploads/photo-gallery/thumb/dance27fe0.jpg]
[shakir.local/wp-content/uploads/photo-gallery/dance37fe0.jpg]
[shakir.local/wp-content/uploads/photo-gallery/thumb/dance37fe0.jpg]
[shakir.local/wp-content/uploads/photo-gallery/i-bW9T455-X35339.jpg]
[shakir.local/wp-content/uploads/photo-gallery/thumb/i-bW9T455-X35339.jpg]
[shakir.local/wp-content/uploads/photo-gallery/i-XjnBd4S-S5339.jpg]
[shakir.local/wp-content/uploads/photo-gallery/thumb/i-XjnBd4S-S5339.jpg]
[shakir.local/wp-content/uploads/photo-gallery/i-QqDpjmj-S5339.jpg]
[shakir.local/wp-content/uploads/photo-gallery/thumb/i-QqDpjmj-S5339.jpg]
[shakir.local/wp-content/uploads/photo-gallery/i-n8LJn2m-S5339.jpg]
[shakir.local/wp-content/uploads/photo-gallery/thumb/i-n8LJn2m-S5339.jpg]
[shakir.local/wp-content/uploads/photo-gallery/i-mQ2p4nS-S5339.jpg]
[shakir.local/wp-content/uploads/photo-gallery/thumb/i-mQ2p4nS-S5339.jpg]
[shakir.local/wp-content/uploads/photo-gallery/i-kM9TGvL-S5339.jpg]
[shakir.local/wp-content/uploads/photo-gallery/thumb/i-kM9TGvL-S5339.jpg]
[shakir.local/wp-content/uploads/photo-gallery/i-5jWQQnQ-S5339.jpg]
[shakir.local/wp-content/uploads/photo-gallery/thumb/i-5jWQQnQ-S5339.jpg]
[shakir.local/wp-content/uploads/photo-gallery/i-4bp5pFJ-S5339.jpg]
[shakir.local/wp-content/uploads/photo-gallery/thumb/i-4bp5pFJ-S5339.jpg]
[shakir.local/wp-content/uploads/photo-gallery/IMG_14741db3.jpg]
[shakir.local/wp-content/uploads/photo-gallery/IMG_1466_(1)1db3.jpg]
[shakir.local/wp-content/uploads/photo-gallery/thumb/IMG_1466_(1)1db3.jpg]
[shakir.local/wp-content/uploads/photo-gallery/IMG_1467_(1)1db3.jpg]
[shakir.local/wp-content/uploads/photo-gallery/thumb/IMG_1467_(1)1db3.jpg]
[shakir.local/wp-content/uploads/photo-gallery/DSC_24891db3.jpg]
[shakir.local/wp-content/uploads/photo-gallery/thumb/DSC_24891db3.jpg]
[shakir.local/photo-gallery/index07dc.html]
[shakir.local/wp-content/uploads/photo-gallery/homecarea624.jpg]
[shakir.local/wp-content/uploads/photo-gallery/thumb/homecarea624.jpg]
[shakir.local/photo-gallery/index6f5b.html]
[shakir.local/wp-content/uploads/photo-gallery/IMG_15710879.jpg]
[shakir.local/wp-content/uploads/photo-gallery/thumb/IMG_15710879.jpg]
[shakir.local/photo-gallery/index3300.html]
[shakir.local/photo-gallery/indexc2ba.html]
[shakir.local/wp-content/uploads/photo-gallery/DSC_24209739.jpg]
[shakir.local/wp-content/uploads/photo-gallery/thumb/DSC_24209739.jpg]
[shakir.local/wp-content/uploads/photo-gallery/IMG-20190603-WA00099739.jpg]
[shakir.local/photo-gallery/index9bf6.html]
[shakir.local/wp-content/uploads/photo-gallery/thumb/IMG-20190603-WA00099739.jpg]
[shakir.local/wp-content/uploads/photo-gallery/IMG_1466_(1)5d14.jpg]
[shakir.local/wp-content/uploads/photo-gallery/thumb/IMG_1466_(1)5d14.jpg]
[shakir.local/wp-content/uploads/photo-gallery/IMG_14745d14.jpg]
[shakir.local/wp-content/uploads/photo-gallery/thumb/IMG_14745d14.jpg]
[shakir.local/wp-content/uploads/photo-gallery/IMG_1467_(1)5d14.jpg]
[shakir.local/wp-content/uploads/photo-gallery/thumb/IMG_1467_(1)5d14.jpg]
[shakir.local/wp-content/uploads/photo-gallery/IMG_15315d14.jpg]
[shakir.local/wp-content/uploads/photo-gallery/thumb/IMG_15315d14.jpg]
[shakir.local/photo-gallery/indexc9d6.html]
[shakir.local/wp-content/uploads/photo-gallery/IMG_7703f970.jpg]
[shakir.local/wp-content/uploads/photo-gallery/thumb/IMG_7703f970.jpg]
[shakir.local/wp-content/uploads/photo-gallery/IMG_7700f970.jpg]
[shakir.local/photo-gallery/indexd239.html]
[shakir.local/wp-content/uploads/photo-gallery/thumb/IMG_7700f970.jpg]
[shakir.local/photo-gallery/index50cc.html]
[shakir.local/photo-gallery/index4344.html]
[shakir.local/wp-content/uploads/photo-gallery/WhatsApp_Image_2020-06-07_at_3.32.21_AM7fb4.jpg]
[shakir.local/wp-content/uploads/photo-gallery/thumb/WhatsApp_Image_2020-06-07_at_3.32.21_AM7fb4.jpg]
[shakir.local/photo-gallery/indexa1fb.html]
[shakir.local/wp-content/uploads/photo-gallery/DSC_238531c2.jpg]
[shakir.local/wp-content/uploads/photo-gallery/thumb/DSC_238531c2.jpg]
[shakir.local/wp-content/uploads/photo-gallery/DSC_066931c2.jpg]
[shakir.local/wp-content/uploads/photo-gallery/thumb/DSC_066931c2.jpg]
[shakir.local/wp-content/uploads/photo-gallery/DSC_052331c2.jpg]
[shakir.local/wp-content/uploads/photo-gallery/thumb/DSC_052331c2.jpg]
[shakir.local/wp-content/uploads/photo-gallery/DSC_035431c2.jpg]
[shakir.local/wp-content/uploads/photo-gallery/thumb/DSC_035431c2.jpg]
[shakir.local/photo-gallery/indexf238.html]
[shakir.local/wp-content/uploads/photo-gallery/PETALS198ceb5.jpg]
[shakir.local/wp-content/uploads/photo-gallery/thumb/PETALS198ceb5.jpg]
[shakir.local/wp-content/uploads/photo-gallery/PETALS282ceb5.jpg]
[shakir.local/wp-content/uploads/photo-gallery/thumb/PETALS282ceb5.jpg]
[shakir.local/wp-content/uploads/photo-gallery/PETALS342ceb5.jpg]
[shakir.local/wp-content/uploads/photo-gallery/thumb/PETALS342ceb5.jpg]
[shakir.local/wp-content/uploads/photo-gallery/IMG_1563ceb5.jpg]
[shakir.local/wp-content/uploads/photo-gallery/thumb/IMG_1563ceb5.jpg]
[shakir.local/wp-content/uploads/photo-gallery/DSC_0354_(1)ceb5.jpg]
[shakir.local/wp-content/uploads/photo-gallery/thumb/DSC_0354_(1)ceb5.jpg]
[shakir.local/wp-content/uploads/photo-gallery/PETALS158ceb5.jpg]
[shakir.local/wp-content/uploads/photo-gallery/thumb/PETALS158ceb5.jpg]
[shakir.local/wp-content/uploads/photo-gallery/IMG-20191212-WA0013ceb5.jpg]
[shakir.local/wp-content/uploads/photo-gallery/thumb/IMG-20191212-WA0013ceb5.jpg]
[shakir.local/wp-content/uploads/photo-gallery/IMG-20190927-WA0073ceb5.jpg]
[shakir.local/wp-content/uploads/photo-gallery/thumb/IMG-20190927-WA0073ceb5.jpg]
[shakir.local/wp-content/uploads/photo-gallery/IMG-20191212-WA0033ceb5.jpg]
[shakir.local/wp-content/uploads/photo-gallery/thumb/IMG-20191212-WA0033ceb5.jpg]
[shakir.local/photo-gallery/indexf6da.html]
[shakir.local/wp-content/uploads/photo-gallery/IMG-20190603-WA0016f4eb.jpg]
[shakir.local/wp-content/uploads/photo-gallery/thumb/IMG-20190603-WA0016f4eb.jpg]
[shakir.local/wp-content/uploads/photo-gallery/DSC_2503f4eb.jpg]
[shakir.local/wp-content/uploads/photo-gallery/thumb/DSC_2503f4eb.jpg]
[shakir.local/wp-content/uploads/photo-gallery/IMG-20190603-WA0015f4eb.jpg]
[shakir.local/wp-content/uploads/photo-gallery/thumb/IMG-20190603-WA0015f4eb.jpg]
[shakir.local/wp-content/uploads/photo-gallery/IMG-20190603-WA0005f4eb.jpg]
[shakir.local/wp-content/uploads/photo-gallery/thumb/IMG-20190603-WA0005f4eb.jpg]
[shakir.local/photo-gallery/index816b.html]
[shakir.local/wp-content/uploads/photo-gallery/IMG_1581e2c6.jpg]
[shakir.local/wp-content/uploads/photo-gallery/thumb/IMG_1581e2c6.jpg]
[shakir.local/wp-content/uploads/photo-gallery/IMG_1563_(1)e2c6.jpg]
[shakir.local/wp-content/uploads/photo-gallery/thumb/IMG_1563_(1)e2c6.jpg]
[shakir.local/wp-content/uploads/photo-gallery/IMG_1467e2c6.jpg]
[shakir.local/wp-content/uploads/photo-gallery/thumb/IMG_1467e2c6.jpg]
[shakir.local/wp-content/uploads/photo-gallery/IMG_1466e2c6.jpg]
[shakir.local/wp-content/uploads/photo-gallery/thumb/IMG_1466e2c6.jpg]
[shakir.local/photo-gallery/indexac64.html]
[shakir.local/wp-content/uploads/photo-gallery/thumb/IMG_14667744.jpg]
[shakir.local/wp-content/uploads/photo-gallery/20190625_194320bfd0.png]
[shakir.local/wp-content/uploads/photo-gallery/thumb/20190625_194320bfd0.png]
[shakir.local/wp-content/uploads/photo-gallery/020bfd0.jpg]
[shakir.local/wp-content/uploads/photo-gallery/thumb/020bfd0.jpg]
[shakir.local/wp-content/uploads/photo-gallery/DSC_0669_(1)bfd0.jpg]
[shakir.local/wp-content/uploads/photo-gallery/thumb/DSC_0669_(1)bfd0.jpg]
[shakir.local/wp-content/uploads/photo-gallery/20190603_121439bfd0.jpg]
[shakir.local/wp-content/uploads/photo-gallery/thumb/20190603_121439bfd0.jpg]
[shakir.local/wp-content/uploads/photo-gallery/FB_IMG_1560353810034bfd0.jpg]
[shakir.local/wp-content/uploads/photo-gallery/thumb/FB_IMG_1560353810034bfd0.jpg]
[shakir.local/photo-gallery/index7646.html]
[shakir.local/wp-content/uploads/photo-gallery/IMG-20190712-WA00085fb5.jpg]
[shakir.local/wp-content/uploads/photo-gallery/thumb/IMG-20190712-WA00085fb5.jpg]
[shakir.local/wp-content/uploads/photo-gallery/IMG-20200202-WA00295fb5.jpg]
[shakir.local/wp-content/uploads/photo-gallery/thumb/IMG-20200202-WA00295fb5.jpg]
[shakir.local/wp-content/uploads/photo-gallery/IMG-20200202-WA00215fb5.jpg]
[shakir.local/wp-content/uploads/photo-gallery/thumb/IMG-20200202-WA00215fb5.jpg]
[shakir.local/wp-content/uploads/photo-gallery/IMG-20191110-WA00235fb5.jpg]
[shakir.local/wp-content/uploads/photo-gallery/thumb/IMG-20191110-WA00235fb5.jpg]
[shakir.local/photo-gallery/index7f37.html]
[shakir.local/wp-content/uploads/photo-gallery/IMG-20190603-WA0018997f.jpg]
[shakir.local/wp-content/uploads/photo-gallery/thumb/IMG-20190603-WA0018997f.jpg]
[shakir.local/photo-gallery/index2cdf.html]
[shakir.local/index31fc.html]
[shakir.local/video-gallery/nmpctrust@gmail.html]
[shakir.local/wp-content/uploads/elementor/css/post-682220b.css]
[nmpctrust.com/wp-content/uploads/2020/06/DSC_2385.21e.delayed]
[shakir.local/wp-content/uploads/elementor/css/post-783563b.css]
[shakir.local/indexd2e2.html]
[shakir.local/newspaper-articles/nmpctrust@gmail.html]
[shakir.local/wp-content/uploads/photo-gallery/thumb/paper_cut_02-05a3e5.jpg]
[shakir.local/wp-content/uploads/photo-gallery/thumb/paper_cut_02-02a3e5.jpg]
[shakir.local/wp-content/uploads/photo-gallery/paper_cut_01-18a3e5.jpg]
[shakir.local/wp-content/uploads/photo-gallery/paper_cut_01-03a3e5.jpg]
[shakir.local/wp-content/uploads/photo-gallery/thumb/paper_cut_01-03a3e5.jpg]
[shakir.local/wp-content/uploads/photo-gallery/paper_cut_01-11a3e5.jpg]
[shakir.local/wp-content/uploads/photo-gallery/thumb/paper_cut_01-11a3e5.jpg]
[shakir.local/wp-content/uploads/photo-gallery/paper_cut_01-02a3e5.jpg]
[shakir.local/wp-content/uploads/photo-gallery/thumb/paper_cut_01-02a3e5.jpg]
[shakir.local/wp-content/uploads/photo-gallery/paper_cut_01-01a3e5.jpg]
[shakir.local/wp-content/uploads/photo-gallery/thumb/paper_cut_01-01a3e5.jpg]
[shakir.local/wp-content/uploads/photo-gallery/paper_cut_01-10a3e5.jpg]
[shakir.local/wp-content/uploads/photo-gallery/thumb/paper_cut_01-10a3e5.jpg]
[shakir.local/wp-content/uploads/photo-gallery/paper_cut_01-06a3e5.jpg]
[shakir.local/wp-content/uploads/photo-gallery/thumb/paper_cut_01-06a3e5.jpg]
[shakir.local/wp-content/uploads/photo-gallery/paper_cut_01-04a3e5.jpg]
[shakir.local/wp-content/uploads/photo-gallery/thumb/paper_cut_01-04a3e5.jpg]
[shakir.local/newspaper-articles/index2822.html]
[shakir.local/newspaper-articles/indexb728.html]
[nmpctrust.com/wp-content/uploads/2020/05/001.jpg]
[shakir.local/wp-content/uploads/elementor/css/post-3490c79.css]
[shakir.local/index601c.html]
[shakir.local/contact/nmpctrust@gmail.html]
[shakir.local/blog/nmpctrust@gmail.html]
[shakir.local/2വർഷത്തെ-ചികിത്സക്ക്-ശേഷo/index.html]
[shakir.local/wp-json/wp/v2/users/1]
[shakir.local/author/admin/nmpctrust@gmail.com]
[shakir.local/author/admin/index.html]
[shakir.local/ആരോരുമില്ലാത്ത-63കാരനായ-വ/index.html]
[shakir.local/ന്യൂ-മലബാർ-പുനരധിവാസകേന്/index.html]
[shakir.local/author/admin/page/2/index.html]
[shakir.local/march-8-international-womens-day/feed/index.html]
[shakir.local/wp-json/oembed/1.0/embedefb6.json]
[shakir.local/wp-json/oembed/1.0/embed9d4e]
[shakir.local/march-8-international-womens-day/nmpctrust@gmail.com]
[shakir.local/march-8-international-womens-day/index.html]
[shakir.local/ചാക്കോ-മാഷിന്റെ-punaradhivasa-kendram-by-jincy-jingle/index.html]
[shakir.local/വയോജനങ്ങൾക്കായി-മെഡിക്-2/index.html]
[shakir.local/wp-includes/js/comment-reply.mind1c0.js]
[shakir.local/wp-json/wp/v2/posts/1058.json]
[shakir.local/organised-blood-donation-camp/feed/index.html]
[shakir.local/wp-json/oembed/1.0/embedf9cd.json]
[shakir.local/wp-json/oembed/1.0/embed573c]
[shakir.local/organised-blood-donation-camp/nmpctrust@gmail.com]
[shakir.local/organised-blood-donation-camp/index.html]
[shakir.local/മലപ്പച്ചേരിയിലെ-മലബാര്‍/index.html]
[shakir.local/wp-content/uploads/2021/01/blood-camp.jpg]
[shakir.local/wp-json/wp/v2/posts/843.json]
[shakir.local/unforgettable-train-journey/feed/index.html]
[shakir.local/wp-json/oembed/1.0/embedb4dd.json]
[shakir.local/wp-json/oembed/1.0/embedd04f]
[shakir.local/unforgettable-train-journey/nmpctrust@gmail.com]
[shakir.local/unforgettable-train-journey/index.html]
[shakir.local/wp-json/wp/v2/posts/867.json]
[shakir.local/gouri-antharjanam-leaves-nmpc-trusts-to-her-family/feed/index.html]
[shakir.local/wp-json/oembed/1.0/embed946c.json]
[shakir.local/wp-json/oembed/1.0/embed5549]
[shakir.local/gouri-antharjanam-leaves-nmpc-trusts-to-her-family/nmpctrust@gmail.com]
[shakir.local/wp-content/uploads/2020/07/gouri04-768x1024.jpg]
[shakir.local/wp-content/uploads/2020/07/gouri03-768x1024.jpg]
[shakir.local/wp-content/uploads/2020/07/gouri02-768x1024.jpg]
[shakir.local/wp-content/uploads/2020/07/gouri01-768x1024.jpg]
[shakir.local/gouri-antharjanam-leaves-nmpc-trusts-to-her-family/index.html]
[shakir.local/wheelchair-provided/index.html]
[shakir.local/blog/page/2/nmpctrust@gmail.com]
[shakir.local/wp-content/uploads/2020/07/nmpc-image-01-01.jpg]
[shakir.local/wp-content/uploads/2020/07/nmpc-image-01-02-1.jpg]
[shakir.local/wp-content/uploads/2020/07/muthu.jpg]
[shakir.local/wp-content/uploads/2020/07/FB_IMG_1560353810034-1.jpg]
[shakir.local/blog/page/2/index.html]
[shakir.local/nmpc-trust-as-vision-to-raju/index.html]
[shakir.local/nmpc-trust-undertaken-woman-wandering-the-streets/index.html]
[shakir.local/muthu-into-a-new-life/index.html]
[shakir.local/athira-amma-reunited-with-her-family/index.html]
[nmpctrust.com/wp-content/uploads/2020/06/IMG_7725.24b.delayed]
[shakir.local/wp-content/uploads/elementor/css/post-42296e1.css]
[shakir.local/index9d87.html]
[shakir.local/downloads/nmpctrust@gmail.html]
[shakir.local/wp-content/uploads/elementor/css/post-3951af2.css]
[shakir.local/index0449.html]
[shakir.local/donate/nmpctrust@gmail.html]
[shakir.local/wp-content/plugins/elegant-addons-for-elementor/assets/frontend/css/ajax-loader.gif]
[shakir.local/wp-content/plugins/elegant-addons-for-elementor/assets/frontend/fonts/slick.eot]
[shakir.local/wp-content/plugins/elegant-addons-for-elementor/assets/frontend/fonts/slickd41d.eot]
[shakir.local/wp-content/plugins/elegant-addons-for-elementor/assets/frontend/fonts/slick.woff]
[shakir.local/wp-content/plugins/elegant-addons-for-elementor/assets/frontend/fonts/slick.ttf]
[shakir.local/wp-content/plugins/elegant-addons-for-elementor/assets/frontend/fonts/slick.svg]
[shakir.local/wp-content/plugins/elegant-addons-for-elementor/assets/frontend/css/ct-stylef269.css]
[shakir.local/Gecko/index.html]
[shakir.local/Firefox/index.html]
[shakir.local/Version/index.html]
[shakir.local/Trident/index.html]
[shakir.local/ml/about-us-2/nmpctrust@gmail.html]
[shakir.local/wp-content/uploads/elementor/css/post-914d590.css]
[shakir.local/wp-content/uploads/elementor/css/post-9185dcb.css]
[shakir.local/index5f81.html]
[shakir.local/ml/services-2/nmpctrust@gmail.html]
[shakir.local/wp-content/uploads/elementor/css/post-9480ac6.css]
[shakir.local/indexeda8.html]
[shakir.local/ml/downloads-2/nmpctrust@gmail.html]
[shakir.local/wp-content/uploads/elementor/css/post-947bed9.css]
[shakir.local/index227a.html]
[shakir.local/ml/contact-us/nmpctrust@gmail.html]
[shakir.local/ml/blog-2/nmpctrust@gmail.html]
[shakir.local/ml/2വർഷത്തെ-ചികിത്സക്ക്-ശേഷo-2/index.html]
[shakir.local/wp-json/wp/v2/pages/914]
[shakir.local/ml/author/admin/index.html]
[shakir.local/ml/ആരോരുമില്ലാത്ത-63കാരനായ-വ-2/index.html]
[shakir.local/ml/ന്യൂ-മലബാർ-പുനരധിവാസകേന-2/index.html]
[shakir.local/ml/മാര്‍ച്ച്-8-അന്താരാഷ്ട്ര/index.html]
[shakir.local/ml/വയോജനങ്ങൾക്കായി-മെഡിക്ക/index.html]
[shakir.local/ml/രക്ത-പരിശോധന-ക്യാമ്പ്-നട/index.html]
[shakir.local/ml/മറക്കാനാവാത്ത-ട്രെയിൻ-യാ/index.html]
[shakir.local/ml/ഗൗരി-അന്തർജ്ജനം-ഇനി-സ്വന/index.html]
[shakir.local/ml/വീൽചെയർ-നൽകി/index.html]
[shakir.local/ml/രാജുവിന്-കാഴ്ചയായി-nmpc-trust/index.html]
[shakir.local/wp-content/uploads/2020/07/nmpc-image-01-01-1.jpg]
[shakir.local/wp-content/uploads/2020/07/nmpc-image-01-02.jpg]
[shakir.local/ml/തെരുവിൽ-അലഞ്ഞുനടക്കുന്ന/index.html]
[shakir.local/wp-content/uploads/2020/07/FB_IMG_1560353810034.jpg]
[shakir.local/ml/blog-2/page/2/index.html]
[nmpctrust.com/wp-content/uploads/2020/05/mm-chacko.html]
[shakir.local/wp-content/plugins/elementor/assets/lib/font-awesome/webfonts/fa-brands-400.svg]
[shakir.local/ml/അതിരാ-ഉമ്മ-കുടുംബവുമായി/index.html]
[nmpctrust.com/wp-content/uploads/2020/06/IMG_1480-1-min-1-scaled.html]
[shakir.local/ml/ബസ്റ്റോപ്പിൽ-അവശനാണ്യനി/index.html]
[shakir.local/ml/മുത്തു-പുതിയ-ജീവിതത്തിലേ/index.html]
[shakir.local/wp-content/uploads/2020/01/hands-people-friends-communication-45842.jpg]
[shakir.local/wp-content/uploads/photo-gallery/IMG_14836d64.jpg]
[shakir.local/wp-content/uploads/photo-gallery/thumb/IMG_14876d64.jpg]
[shakir.local/wp-content/uploads/photo-gallery/thumb/IMG_14836d64.jpg]
[shakir.local/wp-content/uploads/photo-gallery/IMG-20200202-WA00346d64.jpg]
[shakir.local/wp-content/uploads/photo-gallery/thumb/sss7f3b.jpg]
[shakir.local/wp-content/uploads/photo-gallery/thumb/IMG_14741db3.jpg]
[shakir.local/wp-content/uploads/elementor/css/post-423a794.css]
[shakir.local/photo-gallery/index9bf6.html]
[shakir.local/photo-gallery/index9c30.html]
[shakir.local/photo-gallery/index50cc.html]
[shakir.local/wp-content/uploads/photo-gallery/IMG_7757569a.jpg]
[shakir.local/wp-content/uploads/photo-gallery/thumb/IMG_7757569a.jpg]
[shakir.local/wp-content/uploads/photo-gallery/IMG_7752569a.jpg]
[shakir.local/wp-content/uploads/photo-gallery/thumb/IMG_7752569a.jpg]
[shakir.local/wp-content/uploads/photo-gallery/IMG_7746569a.jpg]
[shakir.local/wp-content/uploads/photo-gallery/thumb/IMG_7746569a.jpg]
[shakir.local/photo-gallery/indexd239.html]
[nmpctrust.com/wp-content/uploads/2020/06/DSC_2400.260.delayed]
[shakir.local/wp-content/uploads/elementor/css/post-682220b.css]
[nmpctrust.com/wp-content/uploads/2020/06/DSC_2385.html]
[shakir.local/newspaper-articles/indexb728.html]
[nmpctrust.com/wp-content/uploads/2020/05/001.html]
[shakir.local/wp-json/wp/v2/users/1.json]
[shakir.local/author/admin/nmpctrust@gmail.html]
[shakir.local/author/admin/page/2/index.html]
[shakir.local/indexc7c9.html]
[shakir.local/march-8-international-womens-day/nmpctrust@gmail.html]
[shakir.local/wp-includes/js/comment-reply.mind1c0.js]
[shakir.local/index95ac.html]
[shakir.local/organised-blood-donation-camp/nmpctrust@gmail.html]
[shakir.local/index6a26.html]
[shakir.local/unforgettable-train-journey/nmpctrust@gmail.html]
[shakir.local/indexbefb.html]
[shakir.local/gouri-antharjanam-leaves-nmpc-trusts-to-her-family/nmpctrust@gmail.html]
[shakir.local/wp-json/wp/v2/posts/860.json]
[shakir.local/wp-json/wp/v2/posts/1080]
[shakir.local/wheelchair-provided/feed/index.html]
[shakir.local/wp-json/oembed/1.0/embedc6ba.json]
[shakir.local/wp-json/oembed/1.0/embed2eb2]
[shakir.local/wheelchair-provided/nmpctrust@gmail.com]
[shakir.local/wp-content/uploads/2020/07/weel02.jpg]
[shakir.local/wheelchair-provided/index.html]
[shakir.local/wp-content/uploads/2020/07/weel03.jpg]
[shakir.local/blog/page/2/nmpctrust@gmail.html]
[shakir.local/wp-json/wp/v2/posts/857.json]
[shakir.local/nmpc-trust-as-vision-to-raju/feed/index.html]
[shakir.local/wp-json/oembed/1.0/embed7733.json]
[shakir.local/wp-json/oembed/1.0/embed71da]
[shakir.local/nmpc-trust-as-vision-to-raju/nmpctrust@gmail.com]
[shakir.local/nmpc-trust-as-vision-to-raju/index.html]
[shakir.local/wp-json/wp/v2/posts/854.json]
[shakir.local/wp-json/oembed/1.0/embedc57f.json]
[shakir.local/nmpc-trust-undertaken-woman-wandering-the-streets/feed/index.html]
[shakir.local/wp-json/oembed/1.0/embedb05f]
[shakir.local/nmpc-trust-undertaken-woman-wandering-the-streets/nmpctrust@gmail.com]
[shakir.local/nmpc-trust-undertaken-woman-wandering-the-streets/index.html]
[shakir.local/wp-content/uploads/2020/07/uma-2-683x1024.jpg]
[shakir.local/person-with-critical-condition-at-the-bus-stop-was-taken-to-nmpc-trust/index.html]
[shakir.local/wp-json/wp/v2/posts/847.json]
[shakir.local/muthu-into-a-new-life/feed/index.html]
[shakir.local/wp-json/oembed/1.0/embed4b28.json]
[shakir.local/wp-json/oembed/1.0/embed0545]
[shakir.local/muthu-into-a-new-life/nmpctrust@gmail.com]
[shakir.local/muthu-into-a-new-life/index.html]
[shakir.local/wp-json/wp/v2/posts/840.json]
[shakir.local/athira-amma-reunited-with-her-family/feed/index.html]
[shakir.local/wp-json/oembed/1.0/embed2e17.json]
[shakir.local/wp-json/oembed/1.0/embed7f29]
[shakir.local/athira-amma-reunited-with-her-family/nmpctrust@gmail.com]
[shakir.local/athira-amma-reunited-with-her-family/index.html]
[shakir.local/blog/page/1/index.html]
[nmpctrust.com/wp-content/uploads/2020/06/IMG_7725.html]
[shakir.local/wp-content/plugins/elegant-addons-for-elementor/assets/frontend/css/ajax-loader.html]
[shakir.local/wp-content/plugins/elegant-addons-for-elementor/assets/frontend/fonts/slick.html]
[shakir.local/wp-content/plugins/elegant-addons-for-elementor/assets/frontend/fonts/slickd41d.html]
[shakir.local/wp-content/plugins/elegant-addons-for-elementor/assets/frontend/fonts/slick-2.html]
[shakir.local/wp-content/plugins/elegant-addons-for-elementor/assets/frontend/fonts/slick-3.html]
[shakir.local/wp-content/plugins/elegant-addons-for-elementor/assets/frontend/fonts/slick-4.html]
[shakir.local/Trident/index.html]
[shakir.local/wp-content/uploads/elementor/css/post-914d590.css]
[shakir.local/indexaa07.html]
[shakir.local/version/index-2.html]
[shakir.local/Edge/index.html]
[shakir.local/ml/author/admin/nmpctrust@gmail.com]
[shakir.local/ml/തെരുവിൽ-അലഞ്ഞുനടക്കുന്ന/index.html]
[shakir.local/ml/ബസ്റ്റോപ്പിൽ-അവശനാണ്യനി/index.html]
[shakir.local/ml/മുത്തു-പുതിയ-ജീവിതത്തിലേ/index.html]
[shakir.local/ml/അതിരാ-ഉമ്മ-കുടുംബവുമായി/index.html]
[shakir.local/ml/author/admin/feed/index.html]
[shakir.local/ml/blog-2/page/1/index.html]
[shakir.local/wp-content/uploads/2020/07/IMG_7058.jpg]
[shakir.local/wp-content/uploads/elementor/css/post-423a794.css]
[shakir.local/photo-gallery/index9c30.html]
[nmpctrust.com/wp-content/uploads/2020/06/DSC_2400.html]
[shakir.local/index08e2.html]
[shakir.local/wheelchair-provided/nmpctrust@gmail.html]
[shakir.local/index6374.html]
[shakir.local/nmpc-trust-as-vision-to-raju/nmpctrust@gmail.html]
[shakir.local/index461a.html]
[shakir.local/nmpc-trust-undertaken-woman-wandering-the-streets/nmpctrust@gmail.html]
[shakir.local/author/admin/page/2/nmpctrust@gmail.com]
[shakir.local/person-with-critical-condition-at-the-bus-stop-was-taken-to-nmpc-trust/feed/index.html]
[shakir.local/wp-json/wp/v2/posts/850.json]
[shakir.local/wp-json/oembed/1.0/embed2ddc.json]
[shakir.local/wp-json/oembed/1.0/embedff18]
[shakir.local/person-with-critical-condition-at-the-bus-stop-was-taken-to-nmpc-trust/nmpctrust@gmail.com]
[shakir.local/wp-content/uploads/2020/07/ram2.jpg]
[shakir.local/person-with-critical-condition-at-the-bus-stop-was-taken-to-nmpc-trust/index.html]
[shakir.local/indexdabb.html]
[shakir.local/muthu-into-a-new-life/nmpctrust@gmail.html]
[shakir.local/index7cb7.html]
[shakir.local/athira-amma-reunited-with-her-family/nmpctrust@gmail.html]
[shakir.local/Edge/index.html]
[shakir.local/version/index-2.html]
[shakir.local/ml/author/admin/nmpctrust@gmail.com]
[shakir.local/author/admin/feed/index.html]
[shakir.local/author/admin/page/2/nmpctrust@gmail.com]
[shakir.local/author/admin/page/1/index.html]
[shakir.local/indexfe6b.html]
[shakir.local/person-with-critical-condition-at-the-bus-stop-was-taken-to-nmpc-trust/nmpctrust@gmail.html]
[shakir.local/ml/blog-2/page/2/nmpctrust@gmail.com]
[shakir.local/ml/author/admin/page/2/index.html]
[shakir.local/ml/author/admin/page/2/nmpctrust@gmail.com]
[shakir.local/ml/author/admin/page/2/index.html]
[shakir.local/ml/blog-2/page/2/nmpctrust@gmail.com]
[shakir.local/photo-gallery/donate]
[shakir.local/ml/author/admin/page/2/nmpctrust@gmail.html]
[shakir.local/ml/author/admin/page/1/index.html]
